CfmlFile:cfml_24_try_bug.cfml
  Tag
    PsiElement(OPENER)('<')
    PsiElement(CF_TAG_NAME)('cfscript')
    PsiElement(R_ANGLEBRACKET)('>')
    PsiElement(TRY_KEYWORD)('try')
    PsiElement(L_CURLYBRAKET)('{')
    TRYCATCHEXPRESSION
      <empty list>
    PsiElement(LSLASH_ANGLEBRACKET)('</')
    PsiElement(CF_TAG_NAME)('cfscript')
    PsiElement(CLOSER)('>')